{
  "basePath": "D:\\gitprojects\\matman\\test\\data\\fixtures\\parser",
  "dataPath": "D:\\gitprojects\\matman\\test\\tmp\\parser",
  "data": [
    {
      "description": "description_demo_handle_modules",
      "disable": false,
      "method": "get",
      "priority": 0,
      "plugin": "mocker",
      "name": "demo_handle_modules",
      "route": "/cgi-bin/a/b/demo_handle_modules",
      "defaultModule": "success_1",
      "activeModule": "success_1",
      "tags": [
        "全部"
      ],
      "modules": [
        {
          "description": "error",
          "priority": 0,
          "name": "error",
          "query": {
            "_m_target": "error"
          }
        },
        {
          "description": "success_1",
          "priority": 0,
          "name": "success_1",
          "query": {
            "_m_target": "success_1"
          }
        },
        {
          "description": "success_2",
          "priority": 0,
          "name": "success_2",
          "query": {
            "_m_target": "success_2"
          }
        },
        {
          "description": "description_success_3",
          "priority": 100,
          "name": "success_3",
          "query": {
            "_m_target": "success_3"
          }
        },
        {
          "description": "success_4",
          "priority": 10,
          "query": {
            "type": 1,
            "_m_target": "success_4"
          },
          "name": "success_4"
        }
      ]
    },
    {
      "description": "demo_no_modules",
      "disable": false,
      "method": "get",
      "priority": 0,
      "plugin": "mocker",
      "route": "/cgi-bin/a/b/demo_no_modules",
      "name": "demo_no_modules",
      "activeModule": "index_module",
      "tags": [
        "全部"
      ],
      "modules": [
        {
          "name": "index_module",
          "description": "default module",
          "priority": 0,
          "type": "noModule",
          "query": {
            "_m_target": "index_module"
          },
          "fileName": "index.js"
        }
      ]
    },
    {
      "description": "demo_plugin_reporter",
      "disable": false,
      "method": "get",
      "priority": 0,
      "plugin": "reporter",
      "route": "/cgi-bin/a/b/demo_plugin_reporter",
      "name": "demo_plugin_reporter",
      "activeModule": "error",
      "tags": [
        "全部"
      ],
      "modules": [
        {
          "description": "error",
          "priority": 0,
          "name": "error",
          "query": {
            "_m_target": "error"
          }
        },
        {
          "description": "success",
          "priority": 0,
          "name": "success",
          "query": {
            "_m_target": "success"
          }
        }
      ]
    },
    {
      "description": "demo_readme",
      "disable": false,
      "method": "get",
      "priority": 0,
      "plugin": "mocker",
      "route": "/cgi-bin/a/b/demo_readme",
      "name": "demo_readme",
      "activeModule": "error",
      "tags": [
        "全部"
      ],
      "modules": [
        {
          "description": "error",
          "priority": 0,
          "name": "error",
          "query": {
            "_m_target": "error"
          }
        },
        {
          "description": "success_1",
          "priority": 0,
          "name": "success_1",
          "query": {
            "_m_target": "success_1"
          }
        }
      ]
    },
    {
      "description": "demo_simple",
      "disable": false,
      "method": "get",
      "priority": 0,
      "plugin": "mocker",
      "route": "/cgi-bin/a/b/demo_simple",
      "name": "demo_simple",
      "activeModule": "error",
      "tags": [
        "全部"
      ],
      "modules": [
        {
          "description": "error",
          "priority": 0,
          "name": "error",
          "query": {
            "_m_target": "error"
          }
        },
        {
          "description": "success",
          "priority": 0,
          "name": "success",
          "query": {
            "_m_target": "success"
          }
        }
      ]
    },
    {
      "description": "simple_cgi",
      "disable": false,
      "method": "get",
      "priority": 0,
      "plugin": "mocker",
      "route": "/cgi-bin/a/b/simple_cgi",
      "name": "simple_cgi",
      "activeModule": "error_not_login",
      "tags": [
        "全部"
      ],
      "modules": [
        {
          "description": "error_not_login",
          "priority": 0,
          "name": "error_not_login",
          "query": {
            "_m_target": "error_not_login"
          }
        },
        {
          "description": "success_exist_matman",
          "priority": 0,
          "name": "success_exist_matman",
          "query": {
            "_m_target": "success_exist_matman"
          }
        },
        {
          "description": "success_not_exist",
          "priority": 0,
          "name": "success_not_exist",
          "query": {
            "_m_target": "success_not_exist"
          }
        }
      ]
    }
  ]
}